#################################################################
# If you used AutoDock Vina in your work, please cite:          #
#                                                               #
# O. Trott, A. J. Olson,                                        #
# AutoDock Vina: improving the speed and accuracy of docking    #
# with a new scoring function, efficient optimization and       #
# multithreading, Journal of Computational Chemistry 31 (2010)  #
# 455-461                                                       #
#                                                               #
# DOI 10.1002/jcc.21334                                         #
#                                                               #
# Please see http://vina.scripps.edu for more information.      #
#################################################################

WARNING: The search space volume > 27000 Angstrom^3 (See FAQ)
Detected 8 CPUs
Reading input ... done.
Setting up the scoring function ... done.
Analyzing the binding site ... done.
Using random seed: 2009
Performing search ... done.
Refining results ... done.

mode |   affinity | dist from best mode
     | (kcal/mol) | rmsd l.b.| rmsd u.b.
-----+------------+----------+----------
   1         -9.0      0.000      0.000
   2         -8.2      3.849      9.229
   3         -8.0      4.382      9.529
   4         -7.7      3.541      9.138
   5         -7.5     13.029     16.326
   6         -7.5     12.295     15.635
   7         -7.4      4.306     10.211
   8         -7.2      5.095      9.863
   9         -7.2      3.411      6.091
  10         -7.1      3.594      7.682
  11         -7.1      4.299      6.200
  12         -7.1     15.268     18.464
  13         -7.0     13.557     16.847
  14         -6.9      3.706      5.808
  15         -6.7     14.252     17.394
  16         -6.7      4.071      6.349
  17         -6.4     12.215     14.544
  18         -6.4      3.050      6.694
  19         -6.3     12.725     16.678
  20         -6.3     14.050     18.059
Writing output ... done.
